// Jest Snapshot v1, https://goo.gl/fbAQLP

exports[`<Summary /> Should math stored snapshot 1`] = `
.c0 {
  display: -webkit-box;
  display: -webkit-flex;
  display: -ms-flexbox;
  display: flex;
  -webkit-flex-direction: column;
  -ms-flex-direction: column;
  flex-direction: column;
  -webkit-align-items: stretch;
  -webkit-box-align: stretch;
  -ms-flex-align: stretch;
  align-items: stretch;
  -webkit-box-pack: center;
  -webkit-justify-content: center;
  -ms-flex-pack: center;
  justify-content: center;
  border-radius: 4px;
  border: 1px solid;
}

.c1 {
  display: -webkit-box;
  display: -webkit-flex;
  display: -ms-flexbox;
  display: flex;
  -webkit-box-pack: justify;
  -webkit-justify-content: space-between;
  -ms-flex-pack: justify;
  justify-content: space-between;
  -webkit-align-items: center;
  -webkit-box-align: center;
  -ms-flex-align: center;
  align-items: center;
  padding: 16px;
}

.c2 {
  display: block;
  font-size: 1rem;
  font-weight: 500;
}

.c4 {
  display: block;
  font-size: 2rem;
  font-weight: 500;
}

.c5 {
  display: -webkit-box;
  display: -webkit-flex;
  display: -ms-flexbox;
  display: flex;
  -webkit-box-pack: justify;
  -webkit-justify-content: space-between;
  -ms-flex-pack: justify;
  justify-content: space-between;
  -webkit-align-items: center;
  -webkit-box-align: center;
  -ms-flex-align: center;
  align-items: center;
  padding: 16px;
}

.c6 {
  font-size: 0.7rem;
}

@media screen and (max-width:550px) {
  .c3 {
    display: none;
  }
}

<Summary
  monthlyValue="$521"
  monthsDiff={2}
  selectedDate={"1899-12-31T03:06:28.000Z"}
  value="25000"
>
  <styled.div>
    <div
      className="c0"
    >
      <styled.div>
        <div
          className="c1"
        >
          <styled.span>
            <span
              className="c2"
            >
              Monthly
              <styled.span>
                <span
                  className="c3"
                >
                   amount
                </span>
              </styled.span>
            </span>
          </styled.span>
          <styled.span>
            <span
              className="c4"
            >
              $521
            </span>
          </styled.span>
        </div>
      </styled.div>
      <Styled(styled.div)>
        <div
          className="c5"
        >
          <styled.span>
            <span
              className="c6"
            >
              You're planning
               
              <strong>
                2
                 monthly deposits
              </strong>
               to reach your
               
              <strong>
                $
                25000
              </strong>
               goal by
               
              <strong>
                December 1899
              </strong>
            </span>
          </styled.span>
        </div>
      </Styled(styled.div)>
    </div>
  </styled.div>
</Summary>
`;
